// Vitest Snapshot v1

exports[`cli > builds uno.css 1`] = `
"/* layer: default */
.max-w-screen-md{max-width:768px;}
.p-4{padding:1rem;}"
`;

exports[`cli > supports unocss.config.js 1`] = `
"/* layer: shortcuts */
.box{--un-ring-offset-shadow:0 0 #0000;--un-ring-shadow:0 0 #0000;--un-shadow-inset:var(--un-empty,/*!*/ /*!*/);--un-shadow:0 0 #0000;}
.box{margin-left:auto;margin-right:auto;max-width:80rem;border-radius:0.375rem;--un-bg-opacity:1;background-color:rgba(243,244,246,var(--un-bg-opacity));padding:1rem;--un-shadow:var(--un-shadow-inset) 0 1px 2px 0 var(--un-shadow-color, rgba(0,0,0,0.05));box-shadow:var(--un-ring-offset-shadow, 0 0 #0000), var(--un-ring-shadow, 0 0 #0000), var(--un-shadow);}"
`;
