// Vitest Snapshot v1

exports[`order > variant 1`] = `
"/* layer: default */
.dark .group .dark\\\\:group\\\\:foo-3{name:foo-3;}
.dark .group .group\\\\:dark\\\\:foo-4{name:foo-4;}
.group .light .light\\\\:group\\\\:foo-1{name:foo-1;}
.light .group .group\\\\:light\\\\:foo-2{name:foo-2;}"
`;
