// Vitest Snapshot v1

exports[`postprocess 1`] = `
"/* layer: default */
.scale-100{--hello-rotate:0;--hello-rotate-x:0;--hello-rotate-y:0;--hello-rotate-z:0;--hello-scale-x:1;--hello-scale-y:1;--hello-scale-z:1;--hello-skew-x:0;--hello-skew-y:0;--hello-translate-x:0;--hello-translate-y:0;--hello-translate-z:0;--hello-transform:translateX(var(--hello-translate-x)) translateY(var(--hello-translate-y)) translateZ(var(--hello-translate-z)) rotate(var(--hello-rotate)) rotateX(var(--hello-rotate-x)) rotateY(var(--hello-rotate-y)) rotateZ(var(--hello-rotate-z)) skewX(var(--hello-skew-x)) skewY(var(--hello-skew-y)) scaleX(var(--hello-scale-x)) scaleY(var(--hello-scale-y)) scaleZ(var(--hello-scale-z));}
.scale-100{--hello-scale-x:1;--hello-scale-y:1;transform:var(--hello-transform);}
.text-opacity-50{--hi-text-opacity:0.5;}"
`;
