// Vitest Snapshot v1

exports[`targets 1`] = `
"/* layer: default */
.border-custom-b\\\\/10{border-color:rgba(var(--custom), 0.1);}
.bg-custom-b{background-color:rgba(var(--custom), 1);}
.text-custom-a{color:var(--custom);}
.focus\\\\:placeholder-red-300:focus::placeholder{--un-placeholder-opacity:1;color:rgba(252,165,165,var(--un-placeholder-opacity));}
.placeholder-inherit::placeholder{color:inherit;}
.placeholder-red-400::placeholder{--un-placeholder-opacity:1;color:rgba(248,113,113,var(--un-placeholder-opacity));}
.hover\\\\:placeholder-op90:hover::placeholder,
.placeholder-op90::placeholder{--un-placeholder-opacity:0.9;}
.placeholder-opacity-10::placeholder{--un-placeholder-opacity:0.1;}"
`;
