// Vitest Snapshot v1

exports[`preset-wind > containers 1`] = `
"/* layer: shortcuts */
.container{max-width:100%;}
@media (min-width: 640px){
.container{max-width:640px;}
}
@media (min-width: 768px){
.container,
.md\\\\:container{max-width:768px;}
}
@media (min-width: 1024px){
.container,
.lg\\\\:container,
.md\\\\:container{max-width:1024px;}
}
@media (min-width: 1280px){
.container,
.lg\\\\:container,
.md\\\\:container{max-width:1280px;}
}
@media (min-width: 1536px){
.container,
.lg\\\\:container,
.md\\\\:container{max-width:1536px;}
}"
`;

exports[`preset-wind > targets 1`] = `
"/* layer: default */
.bg-blend-\\\\$data{background-blend-mode:var(--data);}
.bg-image-\\\\$variable{background-image:var(--variable);}
.object-\\\\$fit{object-fit:var(--fit);}
.object-position-\\\\$variable{object-position:var(--variable);}
.not-sr-only{position:static;width:auto;height:auto;padding:0;margin:0;overflow:visible;clip:auto;white-space:normal;}
.line-clamp-100{overflow:hidden;display:-webkit-box;-webkit-box-orient:vertical;-webkit-line-clamp:100;line-clamp:100;}
.line-clamp-7{overflow:hidden;display:-webkit-box;-webkit-box-orient:vertical;-webkit-line-clamp:7;line-clamp:7;}
.line-clamp-none{-webkit-line-clamp:unset;line-clamp:unset;}
.isolate{isolation:isolate;}
.isolate-auto,
.isolation-auto{isolation:auto;}
.inline-table{display:inline-table;}
.table{display:table;}
.table-caption{display:table-caption;}
.table-footer-group{display:table-footer-group;}
.table-row-group{display:table-row-group;}
.border-collapse{border-collapse:collapse;}
.border-separate{border-collapse:separate;}
.caption-top{caption-side:top;}
.caption-bottom{caption-side:bottom;}
.table-auto{table-layout:auto;}
.table-empty-cells-visible{empty-cells:show;}
.table-empty-cells-hidden{empty-cells:hide;}
@keyframes pulse{0%, 100% {opacity:1} 50% {opacity:.5}}
.keyframes-pulse{animation:pulse;}
@keyframes pulse-alt{from{transform:scale3d(1,1,1)}50%{transform:scale3d(1.05,1.05,1.05)}to{transform:scale3d(1,1,1)}}
.keyframes-pulse-alt{animation:pulse-alt;}
@keyframes pulse{0%, 100% {opacity:1} 50% {opacity:.5}}
.animate-pulse{animation:pulse 2s cubic-bezier(0.4,0,.6,1) infinite;}
@keyframes pulse-alt{from{transform:scale3d(1,1,1)}50%{transform:scale3d(1.05,1.05,1.05)}to{transform:scale3d(1,1,1)}}
.animate-pulse-alt{animation:pulse-alt 1s ease-in-out infinite;}
.animate-\\\\[4s_linear_0s_infinite_alternate_move\\\\\\\\_eye\\\\]{animate:4s linear 0s infinite alternate move\\\\_eye;}
.animate-\\\\$variable{animate:var(--variable);}
@keyframes ping{0%{transform:scale(1);opacity:1}75%,100%{transform:scale(2);opacity:0}}
.\\\\!animate-ping{animation:ping 1s cubic-bezier(0,0,.2,1) infinite !important;}
@keyframes bounce{0%, 100% {transform:translateY(-25%);animation-timing-function:cubic-bezier(0.8,0,1,1)} 50% {transform:translateY(0);animation-timing-function:cubic-bezier(0,0,0.2,1)}}
.hover\\\\:animate-bounce:hover{animation:bounce 1s linear infinite;}
.animate-duration-\\\\$variable{animation-duration:var(--variable);}
.animate-duration-100,
.animate-duration-100\\\\.00,
.animate-duration-100ms{animation-duration:100ms;}
.animate-duration-100\\\\.02{animation-duration:100.02ms;}
.animate-duration-100\\\\.30{animation-duration:100.3ms;}
.animate-duration-100\\\\.32{animation-duration:100.32ms;}
.animate-duration-100s{animation-duration:100s;}
.animate-delay--1\\\\.37{animation-delay:-1.37ms;}
.animate-delay-\\\\$variable{animation-delay:var(--variable);}
.animate-ease-\\\\[steps\\\\(4\\\\2c _jump-start\\\\)\\\\]{animation-timing-function:steps(4, jump-start);}
.animate-ease-\\\\$variable{animation-timing-function:var(--variable);}
.animate-fill-mode-both{animation-fill-mode:both;}
.animate-mode-none{animation-fill-mode:none;}
.animate-direction-alternate-reverse{animation-direction:alternate-reverse;}
.animate-normal{animation-direction:normal;}
.animate-count-2\\\\.4{animation-iteration-count:2.4;}
.animate-iteration-count-\\\\[2\\\\2c 4\\\\2c infinity\\\\],
.animate-iteration-count-2-4-infinity{animation-iteration-count:2,4,infinity;}
.animate-iteration-count-\\\\$variable{animation-iteration-count:var(--variable);}
.animate-iteration-count-2{animation-iteration-count:2;}
.animate-name-move{animation-name:move;}
.animate-play-paused{animation-play-state:paused;}
.animate-play-state-running{animation-play-state:running;}
.animate-none{animation:none;}
.touch-pan-left,
.touch-pan-y,
.touch-pinch-zoom{--un-pan-x:var(--un-empty,/*!*/ /*!*/);--un-pan-y:var(--un-empty,/*!*/ /*!*/);--un-pinch-zoom:var(--un-empty,/*!*/ /*!*/);--un-touch-action:var(--un-pan-x) var(--un-pan-y) var(--un-pinch-zoom);}
.touch-pan-left{--un-pan-x:pan-left;touch-action:var(--un-touch-action);}
.touch-pan-y{--un-pan-y:pan-y;touch-action:var(--un-touch-action);}
.touch-pinch-zoom{--un-pinch-zoom:pinch-zoom;touch-action:var(--un-touch-action);}
.touch-manipulation{touch-action:manipulation;}
.touch-none{touch-action:none;}
.snap-both,
.snap-y{--un-scroll-snap-strictness:proximity;}
.snap-both{scroll-snap-type:both var(--un-scroll-snap-strictness);}
.snap-y{scroll-snap-type:y var(--un-scroll-snap-strictness);}
.snap-mandatory{--un-scroll-snap-strictness:mandatory;}
.snap-none{scroll-snap-type:none;}
.snap-center{scroll-snap-align:center;}
.snap-align-none{scroll-snap-align:none;}
.snap-always{scroll-snap-stop:always;}
.scroll-m-\\\\[3em\\\\]{scroll-margin:3em;}
.scroll-m-0{scroll-margin:0rem;}
.scroll-m-1\\\\/2{scroll-margin:50%;}
.scroll-m-auto{scroll-margin:auto;}
.-scroll-mb-px{scroll-margin-bottom:-1px;}
.-scroll-p-px{scroll-padding:-1px;}
.scroll-p-2,
.scroll-p2{scroll-padding:0.5rem;}
.scroll-p-t-2,
.scroll-pt-2,
.scroll-pt2{scroll-padding-top:0.5rem;}
.scroll-pl-10px{scroll-padding-left:10px;}
.scroll-pbs-2,
.scroll-pbs2{scroll-padding-block-start:0.5rem;}
.scroll-pis-10px{scroll-padding-inline-start:10px;}
.list-disc{list-style-type:disc;}
.list-outside{list-style-position:outside;}
.list-none{list-style-type:none;}
.columns-\\\\[3_auto\\\\]{columns:3 auto;}
.columns-\\\\[auto_13em\\\\]{columns:auto 13em;}
.columns-\\\\[auto_auto\\\\]{columns:auto auto;}
.columns-3{columns:3;}
.columns-5em{columns:5em;}
.columns-auto{columns:auto;}
.break-before-avoid-page{break-before:avoid-page;}
.break-inside-avoid-column{break-inside:avoid-column;}
.break-after-column{break-after:column;}
.-space-x-4>:not([hidden])~:not([hidden]){--un-space-x-reverse:0;margin-left:calc(-1rem * calc(1 - var(--un-space-x-reverse)));margin-right:calc(-1rem * var(--un-space-x-reverse));}
.space-x-\\\\$space>:not([hidden])~:not([hidden]){--un-space-x-reverse:0;margin-left:calc(var(--space) * calc(1 - var(--un-space-x-reverse)));margin-right:calc(var(--space) * var(--un-space-x-reverse));}
.space-x-2>:not([hidden])~:not([hidden]){--un-space-x-reverse:0;margin-left:calc(0.5rem * calc(1 - var(--un-space-x-reverse)));margin-right:calc(0.5rem * var(--un-space-x-reverse));}
.space-y-4>:not([hidden])~:not([hidden]){--un-space-y-reverse:0;margin-top:calc(1rem * calc(1 - var(--un-space-y-reverse)));margin-bottom:calc(1rem * var(--un-space-y-reverse));}
.space-x-reverse>:not([hidden])~:not([hidden]){--un-space-x-reverse:1;}
.space-block-4{--un-space-block-reverse:0;margin-block-start:calc(1rem * calc(1 - var(--un-space-block-reverse)));margin-block-end:calc(1rem * calc(1 - var(--un-space-block-reverse)));}
.space-inline-\\\\$space{--un-space-inline-reverse:0;margin-inline-start:calc(var(--space) * calc(1 - var(--un-space-inline-reverse)));margin-inline-end:calc(var(--space) * calc(1 - var(--un-space-inline-reverse)));}
.space-inline-2{--un-space-inline-reverse:0;margin-inline-start:calc(0.5rem * calc(1 - var(--un-space-inline-reverse)));margin-inline-end:calc(0.5rem * calc(1 - var(--un-space-inline-reverse)));}
.space-inline-reverse{--un-space-inline-reverse:1;}
.divide-x-\\\\$variable>:not([hidden])~:not([hidden]){--un-divide-x-reverse:0;border-left-width:calc(var(--variable) * calc(1 - var(--un-divide-x-reverse)));border-right-width:calc(var(--variable) * var(--un-divide-x-reverse));}
.divide-x-4>:not([hidden])~:not([hidden]){--un-divide-x-reverse:0;border-left-width:calc(4px * calc(1 - var(--un-divide-x-reverse)));border-right-width:calc(4px * var(--un-divide-x-reverse));}
.divide-y-4>:not([hidden])~:not([hidden]){--un-divide-y-reverse:0;border-top-width:calc(4px * calc(1 - var(--un-divide-y-reverse)));border-bottom-width:calc(4px * var(--un-divide-y-reverse));}
.divide-x-reverse>:not([hidden])~:not([hidden]){--un-divide-x-reverse:1;}
.divide-block-4>:not([hidden])~:not([hidden]){--un-divide-block-reverse:0;border-block-start-width:calc(4px * calc(1 - var(--un-divide-block-reverse)));border-block-end-width:calc(4px * calc(1 - var(--un-divide-block-reverse)));}
.divide-inline-\\\\$variable>:not([hidden])~:not([hidden]){--un-divide-inline-reverse:0;border-inline-start-width:calc(var(--variable) * calc(1 - var(--un-divide-inline-reverse)));border-inline-end-width:calc(var(--variable) * calc(1 - var(--un-divide-inline-reverse)));}
.divide-inline-4>:not([hidden])~:not([hidden]){--un-divide-inline-reverse:0;border-inline-start-width:calc(4px * calc(1 - var(--un-divide-inline-reverse)));border-inline-end-width:calc(4px * calc(1 - var(--un-divide-inline-reverse)));}
.divide-inline-reverse>:not([hidden])~:not([hidden]){--un-divide-inline-reverse:1;}
.divide-\\\\$variable>:not([hidden])~:not([hidden]){border-color:var(--variable);}
.divide-current>:not([hidden])~:not([hidden]){border-color:currentColor;}
.divide-green-500>:not([hidden])~:not([hidden]){--un-divide-opacity:1;border-color:rgba(34,197,94,var(--un-divide-opacity));}
.divide-transparent>:not([hidden])~:not([hidden]){border-color:transparent;}
.divide-opacity-50>:not([hidden])~:not([hidden]){--un-divide-opacity:0.5;}
.divide-dashed>:not([hidden])~:not([hidden]){border-style:dashed;}
.divide-dotted>:not([hidden])~:not([hidden]){border-style:dotted;}
.divide-none>:not([hidden])~:not([hidden]){border-style:none;}
.overscroll-contain{overscroll-behavior:contain;}
.overscroll-none{overscroll-behavior:none;}
.overscroll-x-auto{overscroll-behavior-x:auto;}
.scroll-auto{scroll-behavior:auto;}
.bg-gradient-\\\\[70deg\\\\2c blue\\\\2c pink\\\\]{--un-gradient:70deg,blue,pink;}
.bg-gradient-stops-\\\\[blue\\\\2c pink\\\\],
.stops-\\\\[blue\\\\2c pink\\\\]{--un-gradient-stops:blue,pink;}
.bg-gradient-from-current,
.from-current{--un-gradient-from:currentColor;--un-gradient-stops:var(--un-gradient-from), var(--un-gradient-to, rgba(255, 255, 255, 0));}
.bg-gradient-from-green-600{--un-gradient-from:rgba(22,163,74, var(--un-from-opacity, 1));--un-gradient-stops:var(--un-gradient-from), var(--un-gradient-to, rgba(255, 255, 255, 0));}
.bg-gradient-from-green-600\\\\/60{--un-gradient-from:rgba(22,163,74,0.6);--un-gradient-stops:var(--un-gradient-from), var(--un-gradient-to, rgba(255, 255, 255, 0));}
.bg-gradient-from-transparent,
.from-transparent{--un-gradient-from:transparent;--un-gradient-stops:var(--un-gradient-from), var(--un-gradient-to, rgba(255, 255, 255, 0));}
.from-\\\\$bg-from{--un-gradient-from:var(--bg-from);--un-gradient-stops:var(--un-gradient-from), var(--un-gradient-to, rgba(255, 255, 255, 0));}
.from-green-500{--un-gradient-from:rgba(34,197,94, var(--un-from-opacity, 1));--un-gradient-stops:var(--un-gradient-from), var(--un-gradient-to, rgba(255, 255, 255, 0));}
.from-green-500\\\\/50{--un-gradient-from:rgba(34,197,94,0.5);--un-gradient-stops:var(--un-gradient-from), var(--un-gradient-to, rgba(255, 255, 255, 0));}
.bg-gradient-to-current,
.to-current{--un-gradient-to:currentColor;}
.bg-gradient-to-green-600{--un-gradient-to:rgba(22,163,74, var(--un-to-opacity, 1));}
.bg-gradient-to-green-600\\\\/60{--un-gradient-to:rgba(22,163,74,0.6);}
.bg-gradient-to-transparent,
.to-transparent{--un-gradient-to:transparent;}
.to-\\\\$bg-to{--un-gradient-to:var(--bg-to);}
.to-green-500{--un-gradient-to:rgba(34,197,94, var(--un-to-opacity, 1));}
.to-green-500\\\\/50{--un-gradient-to:rgba(34,197,94,0.5);}
.bg-gradient-via-current,
.via-current{--un-gradient-stops:var(--un-gradient-from), currentColor, var(--un-gradient-to, rgba(255, 255, 255, 0));}
.bg-gradient-via-green-600{--un-gradient-stops:var(--un-gradient-from), rgba(22,163,74, var(--un-via-opacity, 1)), var(--un-gradient-to, rgba(255, 255, 255, 0));}
.bg-gradient-via-green-600\\\\/40{--un-gradient-stops:var(--un-gradient-from), rgba(22,163,74,0.4), var(--un-gradient-to, rgba(255, 255, 255, 0));}
.bg-gradient-via-transparent,
.via-transparent{--un-gradient-stops:var(--un-gradient-from), transparent, var(--un-gradient-to, rgba(255, 255, 255, 0));}
.via-\\\\$bg-via{--un-gradient-stops:var(--un-gradient-from), var(--bg-via), var(--un-gradient-to, rgba(255, 255, 255, 0));}
.via-green-500{--un-gradient-stops:var(--un-gradient-from), rgba(34,197,94, var(--un-via-opacity, 1)), var(--un-gradient-to, rgba(255, 255, 255, 0));}
.via-green-500\\\\/30{--un-gradient-stops:var(--un-gradient-from), rgba(34,197,94,0.3), var(--un-gradient-to, rgba(255, 255, 255, 0));}
.bg-gradient-via-opacity-40{--un-via-opacity:0.4;}
.via-opacity-30{--un-via-opacity:0.3;}
.bg-gradient-linear{background-image:linear-gradient(var(--un-gradient, var(--un-gradient-stops, rgba(255, 255, 255, 0))));}
.bg-gradient-radial{background-image:radial-gradient(var(--un-gradient, var(--un-gradient-stops, rgba(255, 255, 255, 0))));}
.bg-gradient-repeating-conic{background-image:repeating-conic-gradient(var(--un-gradient, var(--un-gradient-stops, rgba(255, 255, 255, 0))));}
.bg-gradient-to-t{--un-gradient-shape:to top;--un-gradient:var(--un-gradient-shape), var(--un-gradient-stops);background-image:linear-gradient(var(--un-gradient));}
.bg-gradient-to-tl{--un-gradient-shape:to top left;--un-gradient:var(--un-gradient-shape), var(--un-gradient-stops);background-image:linear-gradient(var(--un-gradient));}
.bg-gradient-shape-\\\\[70deg\\\\],
.shape-\\\\[70deg\\\\]{--un-gradient-shape:70deg;--un-gradient:var(--un-gradient-shape), var(--un-gradient-stops);}
.bg-gradient-shape-\\\\[circle_at_70\\\\%\\\\]{--un-gradient-shape:circle at 70%;--un-gradient:var(--un-gradient-shape), var(--un-gradient-stops);}
.bg-gradient-shape-\\\\[closest-side\\\\]{--un-gradient-shape:closest-side;--un-gradient:var(--un-gradient-shape), var(--un-gradient-stops);}
.bg-gradient-shape-\\\\[from_40deg\\\\]{--un-gradient-shape:from 40deg;--un-gradient:var(--un-gradient-shape), var(--un-gradient-stops);}
.bg-gradient-shape-t{--un-gradient-shape:to top;--un-gradient:var(--un-gradient-shape), var(--un-gradient-stops);}
.bg-gradient-shape-tl,
.shape-tl{--un-gradient-shape:to top left;--un-gradient:var(--un-gradient-shape), var(--un-gradient-stops);}
.shape-\\\\[farthest-corner_at_0_0\\\\]{--un-gradient-shape:farthest-corner at 0 0;--un-gradient:var(--un-gradient-shape), var(--un-gradient-stops);}
.shape-\\\\[from_3\\\\.1416rad_at_10\\\\%_50\\\\%\\\\]{--un-gradient-shape:from 3.1416rad at 10% 50%;--un-gradient:var(--un-gradient-shape), var(--un-gradient-stops);}
.bg-none{background-image:none;}
.box-decoration-slice{box-decoration-break:slice;}
.bg-auto{background-size:auto;}
.bg-cover{background-size:cover;}
.bg-fixed{background-attachment:fixed;}
.bg-local{background-attachment:local;}
.bg-scroll{background-attachment:scroll;}
.bg-clip-border{-webkit-background-clip:border-box;background-attachment:border-box;}
.bg-clip-text{-webkit-background-clip:text;background-attachment:text;}
.bg-bottom{background-position:bottom;}
.bg-right-bottom{background-position:right bottom;}
.bg-no-repeat{background-repeat:no-repeat;}
.bg-repeat-space{background-position:space;}
.bg-origin-border{background-origin:border-box;}
.object-none{object-fit:none;}
.object-cb,
.object-center-bottom{object-position:center bottom;}
.object-center{object-position:center;}
.object-center-top,
.object-ct{object-position:center top;}
.dark .\\\\.dark\\\\:text-xl{font-size:1.25rem;line-height:1.75rem;}
.capitalize{text-transform:capitalize;}
.normal-case{text-transform:none;}
.lining-nums,
.tabular-nums{--un-ordinal:var(--un-empty,/*!*/ /*!*/);--un-slashed-zero:var(--un-empty,/*!*/ /*!*/);--un-numeric-figure:var(--un-empty,/*!*/ /*!*/);--un-numeric-spacing:var(--un-empty,/*!*/ /*!*/);--un-numeric-fraction:var(--un-empty,/*!*/ /*!*/);--un-font-variant-numeric:var(--un-ordinal) var(--un-slashed-zero) var(--un-numeric-figure) var(--un-numeric-spacing) var(--un-numeric-fraction);}
.lining-nums{--un-numeric-figure:lining-nums;font-variant-numeric:var(--un-font-variant-numeric);}
.tabular-nums{--un-numeric-spacing:tabular-nums;font-variant-numeric:var(--un-font-variant-numeric);}
.normal-nums{font-variant-numeric:normal;}
.hyphens-auto{-webkit-hyphens:auto;-ms-hyphens:auto;hyphens:auto;}
.hyphens-none{-webkit-hyphens:none;-ms-hyphens:none;hyphens:none;}
.write-normal{writing-mode:horizontal-tb;}
.write-orient-sideways{text-orientation:sideways;}
.caret-red{--un-caret-opacity:1;caret-color:rgba(248,113,113,var(--un-caret-opacity));}
.caret-op-90{--un-caret-opacity:0.9;}
.accent-red{--un-accent-opacity:1;accent-color:rgba(248,113,113,var(--un-accent-opacity));}
.accent-op-90{--un-accent-opacity:0.9;}
.bg-blend-color-burn{background-blend-mode:color-burn;}
.bg-blend-luminosity{background-blend-mode:luminosity;}
.bg-blend-normal{background-blend-mode:normal;}
.mix-blend-hard-light{mix-blend-mode:hard-light;}
.mix-blend-normal{mix-blend-mode:normal;}
.image-render-pixel{-ms-interpolation-mode:nearest-neighbor;image-rendering:-webkit-optimize-contrast;image-rendering:-moz-crisp-edges;image-rendering:-o-pixelated;image-rendering:pixelated;}
.backdrop-blur,
.backdrop-blur-4,
.backdrop-blur-md,
.backdrop-brightness-0,
.backdrop-brightness-60,
.backdrop-contrast-125,
.backdrop-grayscale,
.backdrop-grayscale-90,
.-backdrop-hue-rotate-90,
.backdrop-hue-rotate-0,
.backdrop-hue-rotate-360,
.backdrop-invert,
.backdrop-invert-90,
.backdrop-opacity-\\\\$variable,
.backdrop-opacity-90,
.backdrop-saturate-120,
.backdrop-saturate-30,
.backdrop-sepia,
.backdrop-sepia-80,
.backdrop-filter{--un-backdrop-blur:var(--un-empty,/*!*/ /*!*/);--un-backdrop-brightness:var(--un-empty,/*!*/ /*!*/);--un-backdrop-contrast:var(--un-empty,/*!*/ /*!*/);--un-backdrop-grayscale:var(--un-empty,/*!*/ /*!*/);--un-backdrop-hue-rotate:var(--un-empty,/*!*/ /*!*/);--un-backdrop-invert:var(--un-empty,/*!*/ /*!*/);--un-backdrop-opacity:var(--un-empty,/*!*/ /*!*/);--un-backdrop-saturate:var(--un-empty,/*!*/ /*!*/);--un-backdrop-sepia:var(--un-empty,/*!*/ /*!*/);--un-backdrop-filter:var(--un-backdrop-blur) var(--un-backdrop-brightness) var(--un-backdrop-contrast) var(--un-backdrop-grayscale) var(--un-backdrop-hue-rotate) var(--un-backdrop-invert) var(--un-backdrop-opacity) var(--un-backdrop-saturate) var(--un-backdrop-sepia);}
.backdrop-blur{--un-backdrop-blur:blur(8px);-webkit-backdrop-filter:var(--un-backdrop-filter);backdrop-filter:var(--un-backdrop-filter);}
.backdrop-blur-4{--un-backdrop-blur:blur(4px);-webkit-backdrop-filter:var(--un-backdrop-filter);backdrop-filter:var(--un-backdrop-filter);}
.backdrop-blur-md{--un-backdrop-blur:blur(12px);-webkit-backdrop-filter:var(--un-backdrop-filter);backdrop-filter:var(--un-backdrop-filter);}
.blur,
.blur-\\\\$variable,
.blur-4,
.blur-md,
.filter-blur,
.filter-blur-4,
.filter-blur-md,
.brightness-\\\\$variable,
.brightness-0,
.brightness-60,
.contrast-\\\\$variable,
.contrast-125,
.drop-shadow,
.drop-shadow-\\\\[0_4px_3px_\\\\#000\\\\],
.drop-shadow-\\\\$variable,
.drop-shadow-sm,
.grayscale,
.grayscale-\\\\$variable,
.grayscale-90,
.-hue-rotate-90,
.hue-rotate-\\\\$variable,
.hue-rotate-0,
.hue-rotate-360,
.invert,
.invert-\\\\$variable,
.invert-90,
.saturate-\\\\$variable,
.saturate-0,
.saturate-120,
.saturate-30,
.sepia,
.sepia-\\\\$variable,
.sepia-80,
.filter{--un-blur:var(--un-empty,/*!*/ /*!*/);--un-brightness:var(--un-empty,/*!*/ /*!*/);--un-contrast:var(--un-empty,/*!*/ /*!*/);--un-drop-shadow:var(--un-empty,/*!*/ /*!*/);--un-grayscale:var(--un-empty,/*!*/ /*!*/);--un-hue-rotate:var(--un-empty,/*!*/ /*!*/);--un-invert:var(--un-empty,/*!*/ /*!*/);--un-saturate:var(--un-empty,/*!*/ /*!*/);--un-sepia:var(--un-empty,/*!*/ /*!*/);--un-filter:var(--un-blur) var(--un-brightness) var(--un-contrast) var(--un-drop-shadow) var(--un-grayscale) var(--un-hue-rotate) var(--un-invert) var(--un-saturate) var(--un-sepia);}
.blur,
.filter-blur{--un-blur:blur(8px);filter:var(--un-filter);}
.blur-\\\\$variable{--un-blur:blur(var(--variable));filter:var(--un-filter);}
.blur-4,
.filter-blur-4{--un-blur:blur(4px);filter:var(--un-filter);}
.blur-md,
.filter-blur-md{--un-blur:blur(12px);filter:var(--un-filter);}
.backdrop-brightness-0{--un-backdrop-brightness:brightness(0);-webkit-backdrop-filter:var(--un-backdrop-filter);backdrop-filter:var(--un-backdrop-filter);}
.backdrop-brightness-60{--un-backdrop-brightness:brightness(0.6);-webkit-backdrop-filter:var(--un-backdrop-filter);backdrop-filter:var(--un-backdrop-filter);}
.brightness-\\\\$variable{--un-brightness:brightness(var(--variable));filter:var(--un-filter);}
.brightness-0{--un-brightness:brightness(0);filter:var(--un-filter);}
.brightness-60{--un-brightness:brightness(0.6);filter:var(--un-filter);}
.backdrop-contrast-125{--un-backdrop-contrast:contrast(1.25);-webkit-backdrop-filter:var(--un-backdrop-filter);backdrop-filter:var(--un-backdrop-filter);}
.contrast-\\\\$variable{--un-contrast:contrast(var(--variable));filter:var(--un-filter);}
.contrast-125{--un-contrast:contrast(1.25);filter:var(--un-filter);}
.drop-shadow{--un-drop-shadow:drop-shadow(0 1px 2px var(--un-drop-shadow-color, rgba(0,0,0,0.1))) drop-shadow(0 1px 1px var(--un-drop-shadow-color, rgba(0,0,0,0.06)));filter:var(--un-filter);}
.drop-shadow-\\\\[0_4px_3px_\\\\#000\\\\]{--un-drop-shadow:drop-shadow(0 4px 3px #000);filter:var(--un-filter);}
.drop-shadow-\\\\$variable{--un-drop-shadow:drop-shadow(var(--variable));filter:var(--un-filter);}
.drop-shadow-sm{--un-drop-shadow:drop-shadow(0 1px 1px var(--un-drop-shadow-color, rgba(0,0,0,0.05)));filter:var(--un-filter);}
.drop-shadow-color-red-300{--un-drop-shadow-opacity:1;--un-drop-shadow-color:rgba(252,165,165,var(--un-drop-shadow-opacity));}
.drop-shadow-color-op-30{--un-drop-shadow-opacity:0.3;}
.backdrop-grayscale{--un-backdrop-grayscale:grayscale(1);-webkit-backdrop-filter:var(--un-backdrop-filter);backdrop-filter:var(--un-backdrop-filter);}
.backdrop-grayscale-90{--un-backdrop-grayscale:grayscale(0.9);-webkit-backdrop-filter:var(--un-backdrop-filter);backdrop-filter:var(--un-backdrop-filter);}
.grayscale{--un-grayscale:grayscale(1);filter:var(--un-filter);}
.grayscale-\\\\$variable{--un-grayscale:grayscale(var(--variable));filter:var(--un-filter);}
.grayscale-90{--un-grayscale:grayscale(0.9);filter:var(--un-filter);}
.-backdrop-hue-rotate-90{--un-backdrop-hue-rotate:hue-rotate(-90deg);-webkit-backdrop-filter:var(--un-backdrop-filter);backdrop-filter:var(--un-backdrop-filter);}
.-hue-rotate-90{--un-hue-rotate:hue-rotate(-90deg);filter:var(--un-filter);}
.backdrop-hue-rotate-0{--un-backdrop-hue-rotate:hue-rotate(0deg);-webkit-backdrop-filter:var(--un-backdrop-filter);backdrop-filter:var(--un-backdrop-filter);}
.backdrop-hue-rotate-360{--un-backdrop-hue-rotate:hue-rotate(360deg);-webkit-backdrop-filter:var(--un-backdrop-filter);backdrop-filter:var(--un-backdrop-filter);}
.hue-rotate-\\\\$variable{--un-hue-rotate:hue-rotate(var(--variable));filter:var(--un-filter);}
.hue-rotate-0{--un-hue-rotate:hue-rotate(0deg);filter:var(--un-filter);}
.hue-rotate-360{--un-hue-rotate:hue-rotate(360deg);filter:var(--un-filter);}
.backdrop-invert{--un-backdrop-invert:invert(1);-webkit-backdrop-filter:var(--un-backdrop-filter);backdrop-filter:var(--un-backdrop-filter);}
.backdrop-invert-90{--un-backdrop-invert:invert(0.9);-webkit-backdrop-filter:var(--un-backdrop-filter);backdrop-filter:var(--un-backdrop-filter);}
.invert{--un-invert:invert(1);filter:var(--un-filter);}
.invert-\\\\$variable{--un-invert:invert(var(--variable));filter:var(--un-filter);}
.invert-90{--un-invert:invert(0.9);filter:var(--un-filter);}
.backdrop-opacity-\\\\$variable{--un-backdrop-opacity:opacity(var(--variable));-webkit-backdrop-filter:var(--un-backdrop-filter);backdrop-filter:var(--un-backdrop-filter);}
.backdrop-opacity-90{--un-backdrop-opacity:opacity(0.9);-webkit-backdrop-filter:var(--un-backdrop-filter);backdrop-filter:var(--un-backdrop-filter);}
.backdrop-saturate-120{--un-backdrop-saturate:saturate(1.2);-webkit-backdrop-filter:var(--un-backdrop-filter);backdrop-filter:var(--un-backdrop-filter);}
.backdrop-saturate-30{--un-backdrop-saturate:saturate(0.3);-webkit-backdrop-filter:var(--un-backdrop-filter);backdrop-filter:var(--un-backdrop-filter);}
.saturate-\\\\$variable{--un-saturate:saturate(var(--variable));filter:var(--un-filter);}
.saturate-0{--un-saturate:saturate(0);filter:var(--un-filter);}
.saturate-120{--un-saturate:saturate(1.2);filter:var(--un-filter);}
.saturate-30{--un-saturate:saturate(0.3);filter:var(--un-filter);}
.backdrop-sepia{--un-backdrop-sepia:sepia(1);-webkit-backdrop-filter:var(--un-backdrop-filter);backdrop-filter:var(--un-backdrop-filter);}
.backdrop-sepia-80{--un-backdrop-sepia:sepia(0.8);-webkit-backdrop-filter:var(--un-backdrop-filter);backdrop-filter:var(--un-backdrop-filter);}
.sepia{--un-sepia:sepia(1);filter:var(--un-filter);}
.sepia-\\\\$variable{--un-sepia:sepia(var(--variable));filter:var(--un-filter);}
.sepia-80{--un-sepia:sepia(0.8);filter:var(--un-filter);}
.filter{filter:var(--un-filter);}
.backdrop-filter{-webkit-backdrop-filter:var(--un-backdrop-filter);backdrop-filter:var(--un-backdrop-filter);}
.filter-none{filter:none;}
.backdrop-filter-none{-webkit-backdrop-filter:none;backdrop-filter:none;}
.blur-none,
.filter-blur-none{filter:blur(0);}
.drop-shadow-none{filter:drop-shadow(0);}
.backdrop-blur-none{-webkit-backdrop-filter:blur(0);backdrop-filter:blur(0);}
.placeholder-inherit::placeholder{color:inherit;}
.placeholder-red-400::placeholder{--un-placeholder-opacity:1;color:rgba(248,113,113,var(--un-placeholder-opacity));}
@media (prefers-color-scheme: dark){
.\\\\@dark\\\\:text-xl{font-size:1.25rem;line-height:1.75rem;}
}"
`;
