// Vitest Snapshot v1

exports[`shortcuts > dynamic 1`] = `
"/* layer: shortcuts */
.button-1{padding-left:0.75rem;padding-right:0.75rem;padding-top:0.5rem;padding-bottom:0.5rem;}
.button-2{padding-left:1.5rem;padding-right:1.5rem;padding-top:1rem;padding-bottom:1rem;}"
`;

exports[`shortcuts > merge transform-duplicated 1`] = `
"/* layer: shortcuts */
.transform-duplicated,
.transform-duplicated:hover,
.transform-duplicated:active {
  --un-rotate: 0;
  --un-rotate-x: 0;
  --un-rotate-y: 0;
  --un-rotate-z: 0;
  --un-scale-x: 1;
  --un-scale-y: 1;
  --un-scale-z: 1;
  --un-skew-x: 0;
  --un-skew-y: 0;
  --un-translate-x: 0;
  --un-translate-y: 0;
  --un-translate-z: 0;
  --un-transform: translateX(var(--un-translate-x))
    translateY(var(--un-translate-y)) translateZ(var(--un-translate-z))
    rotate(var(--un-rotate)) rotateX(var(--un-rotate-x))
    rotateY(var(--un-rotate-y)) rotateZ(var(--un-rotate-z))
    skewX(var(--un-skew-x)) skewY(var(--un-skew-y)) scaleX(var(--un-scale-x))
    scaleY(var(--un-scale-y)) scaleZ(var(--un-scale-z));
}
.transform-duplicated {
  --un-translate-x: 0.25rem;
  transform: var(--un-transform);
  --un-translate-y: 0.5rem;
  --un-scale-x: 0.04;
  --un-scale-y: 0.04;
}
.transform-duplicated:hover {
  --un-scale-x: 0.02;
  --un-scale-y: 0.02;
  transform: var(--un-transform);
}
.transform-duplicated:active {
  --un-scale-x: 0.04;
  transform: var(--un-transform);
}
"
`;

exports[`shortcuts > nesting static 1`] = `
"/* layer: shortcuts */
.btn2{margin:0.75rem;margin-left:2.5rem;margin-right:2.5rem;padding-left:0.5rem;padding-right:0.5rem;padding-top:0.75rem;padding-bottom:0.75rem;}
.btn{margin-right:2.5rem;}
.btn1{margin-left:2.5rem;margin-right:2.5rem;}
@media (min-width: 640px){
.btn2{margin:0.5rem;}
}"
`;

exports[`shortcuts > no-merge 1`] = `
"/* layer: default */
.with-no-merge{no-merge:1;}
.with-no-merge,
.merge-candidate{merged:1;}"
`;

exports[`shortcuts > static 1`] = `
"/* layer: shortcuts */
.sh1{margin:0.75rem;padding-left:0.5rem;padding-right:0.5rem;padding-top:0.75rem;padding-bottom:0.75rem;}
.sh3{margin:0.75rem;}
.focus\\\\:sh2:focus,
.sh2{font-size:0.875rem;line-height:1.25rem;font-size:1.125rem;line-height:1.75rem;}
.focus\\\\:sh2:hover:focus,
.sh2:hover{font-size:1.125rem;line-height:1.75rem;}
@media (min-width: 640px){
.sh1,
.sh3{margin:0.5rem;}
}"
`;
